// Jest Snapshot v1, https://goo.gl/fbAQLP

exports[`Padded renders default component 1`] = `
<styled.div
  space="p1"
/>
`;
