// Jest Snapshot v1, https://goo.gl/fbAQLP

exports[`Modal interaction 1`] = `
<ModalWrapper>
  <div>
    <button
      onClick={[Function]}
    >
      Trigger
    </button>
    <Modal
      closeIcon={true}
      doClose={[Function]}
      isOpen={true}
    >
      <div
        onClick={[Function]}
      >
        <Modal
          ariaHideApp={true}
          bodyOpenClassName="ReactModal__Body--open"
          closeTimeoutMS={400}
          isOpen={false}
          onRequestClose={[Function]}
          parentSelector={[Function]}
          portalClassName="ReactModalPortal"
          role="dialog"
          shouldCloseOnEsc={true}
          shouldCloseOnOverlayClick={true}
          shouldFocusAfterRender={true}
          shouldReturnFocusAfterClose={true}
          style={
            Object {
              "content": Object {
                "alignItems": "center",
                "background": "none",
                "border": "none",
                "borderRadius": "3px",
                "bottom": "auto",
                "display": "flex",
                "left": "auto",
                "maxHeight": "90vh",
                "maxWidth": "90vw",
                "overflow": "hidden",
                "padding": "0",
                "position": "relative",
                "right": "auto",
                "top": "auto",
              },
              "overlay": Object {
                "alignItems": "center",
                "backgroundColor": "rgba(50,50,50,.75)",
                "display": "flex",
                "justifyContent": "center",
                "transition": "opacity 200ms ease-in-out",
                "zIndex": 1000,
              },
            }
          }
        >
          <Portal
            containerInfo={
              <div
                class="ReactModalPortal"
              />
            }
          >
            <ModalPortal
              ariaHideApp={true}
              bodyOpenClassName="ReactModal__Body--open"
              closeTimeoutMS={400}
              defaultStyles={
                Object {
                  "content": Object {
                    "WebkitOverflowScrolling": "touch",
                    "background": "#fff",
                    "border": "1px solid #ccc",
                    "borderRadius": "4px",
                    "bottom": "40px",
                    "left": "40px",
                    "outline": "none",
                    "overflow": "auto",
                    "padding": "20px",
                    "position": "absolute",
                    "right": "40px",
                    "top": "40px",
                  },
                  "overlay": Object {
                    "backgroundColor": "rgba(255, 255, 255, 0.75)",
                    "bottom": 0,
                    "left": 0,
                    "position": "fixed",
                    "right": 0,
                    "top": 0,
                  },
                }
              }
              isOpen={false}
              onRequestClose={[Function]}
              parentSelector={[Function]}
              portalClassName="ReactModalPortal"
              role="dialog"
              shouldCloseOnEsc={true}
              shouldCloseOnOverlayClick={true}
              shouldFocusAfterRender={true}
              shouldReturnFocusAfterClose={true}
              style={
                Object {
                  "content": Object {
                    "alignItems": "center",
                    "background": "none",
                    "border": "none",
                    "borderRadius": "3px",
                    "bottom": "auto",
                    "display": "flex",
                    "left": "auto",
                    "maxHeight": "90vh",
                    "maxWidth": "90vw",
                    "overflow": "hidden",
                    "padding": "0",
                    "position": "relative",
                    "right": "auto",
                    "top": "auto",
                  },
                  "overlay": Object {
                    "alignItems": "center",
                    "backgroundColor": "rgba(50,50,50,.75)",
                    "display": "flex",
                    "justifyContent": "center",
                    "transition": "opacity 200ms ease-in-out",
                    "zIndex": 1000,
                  },
                }
              }
            />
          </Portal>
        </Modal>
      </div>
    </Modal>
  </div>
</ModalWrapper>
`;
