// Jest Snapshot v1, https://goo.gl/fbAQLP

exports[`Smart renders default component 1`] = `
<styled.div>
  <Button
    doClick={[Function]}
    text="Click me"
  />
  <styled.p>
    Not active
  </styled.p>
</styled.div>
`;
