// Jest Snapshot v1, https://goo.gl/fbAQLP

exports[`Placeholder renders default component 1`] = `<styled.div />`;
