// Jest Snapshot v1, https://goo.gl/fbAQLP

exports[`Loader renders the component as expected 1`] = `
<span>
  ...
</span>
`;
